tensor([[ 9, 11, 20,  ..., 13,  8, 17],
        [16,  6, 20,  ..., 15, 20, 15]])
torch.Size([2, 1000])
Epoch: 0, Training Loss: 0.680716261267662, Accuracy: 0.60125
Epoch: 0, Validation Loss: 0.6744943857192993, Accuracy: 0.61
Epoch: 1, Training Loss: 0.65547039732337, Accuracy: 0.658125
Epoch: 1, Validation Loss: 0.6479111611843109, Accuracy: 0.6475
Epoch: 2, Training Loss: 0.6194946244359016, Accuracy: 0.69875
Epoch: 2, Validation Loss: 0.6092465817928314, Accuracy: 0.69
Epoch: 3, Training Loss: 0.574896827340126, Accuracy: 0.73375
Epoch: 3, Validation Loss: 0.5676729530096054, Accuracy: 0.7225
Epoch: 4, Training Loss: 0.5365852322429419, Accuracy: 0.738125
Epoch: 4, Validation Loss: 0.530803918838501, Accuracy: 0.75
Epoch: 5, Training Loss: 0.5029503479599953, Accuracy: 0.760625
Epoch: 5, Validation Loss: 0.4964624047279358, Accuracy: 0.78
Epoch: 6, Training Loss: 0.46893942914903164, Accuracy: 0.788125
Epoch: 6, Validation Loss: 0.4647272750735283, Accuracy: 0.7775
Epoch: 7, Training Loss: 0.435067780315876, Accuracy: 0.803125
Epoch: 7, Validation Loss: 0.4351463094353676, Accuracy: 0.795
Epoch: 8, Training Loss: 0.3999596294015646, Accuracy: 0.8225
Epoch: 8, Validation Loss: 0.40280831605196, Accuracy: 0.8125
Epoch: 9, Training Loss: 0.3618803322315216, Accuracy: 0.85375
Epoch: 9, Validation Loss: 0.37337392568588257, Accuracy: 0.835
Epoch: 10, Training Loss: 0.3272613938897848, Accuracy: 0.888125
Epoch: 10, Validation Loss: 0.34757576882839203, Accuracy: 0.8525
Epoch: 11, Training Loss: 0.2938782460987568, Accuracy: 0.90125
Epoch: 11, Validation Loss: 0.3223799541592598, Accuracy: 0.8575
Epoch: 12, Training Loss: 0.26124957762658596, Accuracy: 0.920625
Epoch: 12, Validation Loss: 0.2984873615205288, Accuracy: 0.8775
Epoch: 13, Training Loss: 0.23558445181697607, Accuracy: 0.9275
Epoch: 13, Validation Loss: 0.28015902638435364, Accuracy: 0.8925
Epoch: 14, Training Loss: 0.20786642283201218, Accuracy: 0.9425
Epoch: 14, Validation Loss: 0.2604428119957447, Accuracy: 0.9025
Epoch: 15, Training Loss: 0.18099747831001878, Accuracy: 0.951875
Epoch: 15, Validation Loss: 0.2463730424642563, Accuracy: 0.9075
Epoch: 16, Training Loss: 0.16115399077534676, Accuracy: 0.963125
Epoch: 16, Validation Loss: 0.23263564705848694, Accuracy: 0.9125
Epoch: 17, Training Loss: 0.14187574572861195, Accuracy: 0.965
Epoch: 17, Validation Loss: 0.22426212206482887, Accuracy: 0.915
Epoch: 18, Training Loss: 0.12440537754446268, Accuracy: 0.9775
Epoch: 18, Validation Loss: 0.21582845598459244, Accuracy: 0.9175
Epoch: 19, Training Loss: 0.11022935854271054, Accuracy: 0.984375
Epoch: 19, Validation Loss: 0.20643440261483192, Accuracy: 0.92
Epoch: 20, Training Loss: 0.09796783002093434, Accuracy: 0.983125
Epoch: 20, Validation Loss: 0.19859222322702408, Accuracy: 0.9275
Epoch: 21, Training Loss: 0.0862905103713274, Accuracy: 0.9875
Epoch: 21, Validation Loss: 0.19558662176132202, Accuracy: 0.9275
Epoch: 22, Training Loss: 0.0770633586216718, Accuracy: 0.9925
Epoch: 22, Validation Loss: 0.18508120439946651, Accuracy: 0.93
Epoch: 23, Training Loss: 0.06813013856299222, Accuracy: 0.990625
Epoch: 23, Validation Loss: 0.19309699535369873, Accuracy: 0.935
Epoch: 24, Training Loss: 0.06205117702484131, Accuracy: 0.99375
Epoch: 24, Validation Loss: 0.18180867284536362, Accuracy: 0.93
Epoch: 25, Training Loss: 0.054737736470997334, Accuracy: 0.995
Epoch: 25, Validation Loss: 0.18069412373006344, Accuracy: 0.9375
Epoch: 26, Training Loss: 0.05033355136401951, Accuracy: 0.99625
Epoch: 26, Validation Loss: 0.17497398890554905, Accuracy: 0.9275
Epoch: 27, Training Loss: 0.04449607583228499, Accuracy: 0.998125
Epoch: 27, Validation Loss: 0.17418493516743183, Accuracy: 0.9325
Epoch: 28, Training Loss: 0.04056890856008977, Accuracy: 0.998125
Epoch: 28, Validation Loss: 0.17650715447962284, Accuracy: 0.935
Epoch: 29, Training Loss: 0.03635451686568558, Accuracy: 0.99875
Epoch: 29, Validation Loss: 0.17365310713648796, Accuracy: 0.9275
