tensor([[11, 11, 13,  ..., 12, 11,  9],
        [17, 11, 13,  ..., 11, 11, 10]])
torch.Size([2, 1000])
Epoch: 0, Training Loss: 0.6753786504268646, Accuracy: 0.59
Epoch: 0, Validation Loss: 0.6523575931787491, Accuracy: 0.6675
Epoch: 1, Training Loss: 0.6357799395918846, Accuracy: 0.676875
Epoch: 1, Validation Loss: 0.6070681810379028, Accuracy: 0.7125
Epoch: 2, Training Loss: 0.5863723047077656, Accuracy: 0.6975
Epoch: 2, Validation Loss: 0.5556305199861526, Accuracy: 0.715
Epoch: 3, Training Loss: 0.5381783489137888, Accuracy: 0.72625
Epoch: 3, Validation Loss: 0.5124798566102982, Accuracy: 0.74
Epoch: 4, Training Loss: 0.49734255857765675, Accuracy: 0.7575
Epoch: 4, Validation Loss: 0.4851944074034691, Accuracy: 0.75
Epoch: 5, Training Loss: 0.4611663147807121, Accuracy: 0.78
Epoch: 5, Validation Loss: 0.46214382350444794, Accuracy: 0.78
Epoch: 6, Training Loss: 0.42665104381740093, Accuracy: 0.814375
Epoch: 6, Validation Loss: 0.4394097104668617, Accuracy: 0.795
Epoch: 7, Training Loss: 0.38951241970062256, Accuracy: 0.83625
Epoch: 7, Validation Loss: 0.4197356551885605, Accuracy: 0.8025
Epoch: 8, Training Loss: 0.35315556079149246, Accuracy: 0.86
Epoch: 8, Validation Loss: 0.3981689065694809, Accuracy: 0.83
Epoch: 9, Training Loss: 0.32020706683397293, Accuracy: 0.874375
Epoch: 9, Validation Loss: 0.37632744014263153, Accuracy: 0.8425
Epoch: 10, Training Loss: 0.28464287519454956, Accuracy: 0.895
Epoch: 10, Validation Loss: 0.363688200712204, Accuracy: 0.8375
Epoch: 11, Training Loss: 0.2579003721475601, Accuracy: 0.909375
Epoch: 11, Validation Loss: 0.3366522267460823, Accuracy: 0.86
Epoch: 12, Training Loss: 0.2270182939246297, Accuracy: 0.923125
Epoch: 12, Validation Loss: 0.31619544327259064, Accuracy: 0.86
Epoch: 13, Training Loss: 0.20169201586395502, Accuracy: 0.93875
Epoch: 13, Validation Loss: 0.312080055475235, Accuracy: 0.8675
Epoch: 14, Training Loss: 0.18064916133880615, Accuracy: 0.945
Epoch: 14, Validation Loss: 0.2942194491624832, Accuracy: 0.875
Epoch: 15, Training Loss: 0.16087179072201252, Accuracy: 0.9575
Epoch: 15, Validation Loss: 0.29000770300626755, Accuracy: 0.8725
Epoch: 16, Training Loss: 0.14343879418447614, Accuracy: 0.963125
Epoch: 16, Validation Loss: 0.28213629126548767, Accuracy: 0.8775
Epoch: 17, Training Loss: 0.12857379065826535, Accuracy: 0.969375
Epoch: 17, Validation Loss: 0.2749796435236931, Accuracy: 0.8775
Epoch: 18, Training Loss: 0.11440297728404403, Accuracy: 0.974375
Epoch: 18, Validation Loss: 0.27215633541345596, Accuracy: 0.87
Epoch: 19, Training Loss: 0.10328433522954583, Accuracy: 0.978125
Epoch: 19, Validation Loss: 0.2658798433840275, Accuracy: 0.8825
Epoch: 20, Training Loss: 0.09257427253760397, Accuracy: 0.981875
Epoch: 20, Validation Loss: 0.27289821207523346, Accuracy: 0.8875
Epoch: 21, Training Loss: 0.08344532991759479, Accuracy: 0.985
Epoch: 21, Validation Loss: 0.2582091614603996, Accuracy: 0.9
Epoch: 22, Training Loss: 0.073955635773018, Accuracy: 0.988125
Epoch: 22, Validation Loss: 0.2635791413486004, Accuracy: 0.89
Epoch: 23, Training Loss: 0.06859794189222157, Accuracy: 0.98875
Epoch: 23, Validation Loss: 0.2590976096689701, Accuracy: 0.8925
Epoch: 24, Training Loss: 0.06100101373158395, Accuracy: 0.99125
Epoch: 24, Validation Loss: 0.2621462792158127, Accuracy: 0.89
Epoch: 25, Training Loss: 0.05562072922475636, Accuracy: 0.994375
Epoch: 25, Validation Loss: 0.26861974596977234, Accuracy: 0.895
Epoch: 26, Training Loss: 0.04944622563198209, Accuracy: 0.99625
Epoch: 26, Validation Loss: 0.26209424436092377, Accuracy: 0.895
Epoch: 27, Training Loss: 0.0458612535148859, Accuracy: 0.995
Epoch: 27, Validation Loss: 0.26248298212885857, Accuracy: 0.8975
Epoch: 28, Training Loss: 0.040821932489052415, Accuracy: 0.9975
Epoch: 28, Validation Loss: 0.26328644901514053, Accuracy: 0.8925
Epoch: 29, Training Loss: 0.03791143174748868, Accuracy: 0.99875
Epoch: 29, Validation Loss: 0.26050445809960365, Accuracy: 0.895
