tensor([[12, 13, 11,  7, 13, 17, 22, 14, 13, 23,  4, 17,  6, 13, 20, 13, 12, 19,
         16, 18,  7, 10, 17,  5, 13, 18, 16, 15, 15, 14, 13, 17, 12, 21, 13, 13,
         22,  6, 13, 15,  5, 18, 16,  7, 17, 24,  7, 16, 15,  7, 20, 14, 11, 19,
         10, 17, 19, 13,  4, 16, 13, 18, 21, 16, 11, 14, 15, 17, 17,  8,  7, 20,
         11,  8, 12, 10, 16, 17, 12, 19, 13, 22, 13, 20, 15,  6,  9, 20, 13, 16,
          6, 10, 15, 17, 13, 15, 19,  8, 11, 11, 24,  7, 22, 13, 10, 14, 13,  6,
         14, 13, 13, 10, 18, 12, 19, 14, 17, 12, 16, 19, 19, 22,  9, 16, 16,  8,
          6,  6, 14,  8, 18, 23, 10, 10,  7, 23, 14, 23,  5, 22, 19, 15, 19, 10,
         18, 17, 17, 10, 16, 13, 17, 15, 23, 18,  9, 19, 12, 13, 10, 12, 24, 18,
         19, 20, 15, 15, 16, 16,  6,  5, 18, 13,  8, 11, 17, 15, 23, 17, 10, 21,
         21, 12, 18, 22, 13,  6, 11, 20, 17,  4, 10, 22, 10, 19, 17, 20, 12, 21,
         17, 21, 17, 14, 19,  9, 20,  5, 14, 14, 17, 17, 16, 15,  5,  5, 10, 15,
         20, 19, 20, 12,  5,  5, 17, 13,  9, 13, 10, 17, 18, 12, 15, 13, 22, 17,
         12, 12,  6, 22, 15, 13, 12, 11, 24, 10, 17, 17, 20, 17, 20, 10, 16, 17,
          7, 22, 12,  6, 12,  7, 17, 13, 12,  9, 15, 12, 13, 23, 11, 12, 19, 13,
         15, 22, 23, 12, 18, 18, 16, 20, 10, 13, 17, 11, 12, 20, 13, 11, 19, 17,
         11, 21, 20,  9,  9, 12,  9, 23, 21, 19, 19, 23, 11, 16,  6,  4, 23,  6,
         12, 15, 12, 17, 20, 22, 21, 11,  6,  7, 10, 22, 11,  7, 15, 13, 18, 18,
         13,  8, 14, 11, 17, 21, 18, 21, 10,  8,  8, 17,  7, 21, 14, 13, 11, 23,
          8, 14, 11, 16, 10, 12, 19, 13],
        [14, 13, 11, 21, 11, 11,  9, 15, 13, 21, 10, 11, 19, 15, 11, 22,  4, 11,
         13, 10, 11, 22, 17,  5, 12, 10, 20, 15, 14, 11,  8, 17, 12, 14, 18, 16,
         22, 11,  7,  9, 15, 17, 12,  7, 15, 20, 16, 14, 13, 12, 12,  8, 21, 19,
         17,  6, 17, 13,  4, 12, 15, 15, 18, 12, 11,  8, 15, 14, 12, 21, 10, 20,
         21, 11, 16, 10, 16, 17, 12,  8, 15, 24, 15, 12, 15, 10, 19,  8, 13, 19,
          5, 12, 13, 17, 11, 15, 21, 18, 11, 24, 24, 13, 17, 13, 18,  9, 13,  8,
         21, 13,  7, 10, 18, 16,  5, 21,  7, 16, 23, 11,  9, 22, 10, 16, 12,  8,
          6, 22, 15, 11, 16, 16, 22,  9, 13,  6,  5, 16, 16, 10,  9,  4, 19, 18,
          9, 21, 16, 21, 17, 13, 11, 15,  5, 18, 14,  9, 16, 15, 10, 10, 24, 14,
         20, 23, 13, 13, 15, 11, 19,  5, 24, 13, 13, 17, 19, 13,  7, 15, 18,  9,
          7, 21, 10, 22, 13,  6, 10, 20, 20,  7, 18,  7,  8, 12, 15,  8,  5, 21,
          7, 12, 11, 20, 24, 19, 10, 12, 10, 22, 11, 11, 12, 10, 15, 15,  7,  7,
         20,  9, 23, 12, 23,  8, 19, 16, 11, 13, 12, 11, 10,  7, 16, 15, 16, 11,
         16, 19, 18,  7, 13, 13,  9, 11,  9, 22, 22, 10, 20, 17,  9, 12, 13,  8,
         17,  7, 21, 21, 12, 14, 11,  5, 17, 19, 15, 12, 13,  6, 17, 12, 19, 13,
          8,  4,  5, 12, 17, 23,  8, 20, 18, 13, 11, 20, 16, 19, 17, 19,  9,  7,
          9, 10, 16, 19,  9, 12, 20, 11,  8, 12, 17, 13, 18, 12, 13, 14, 15, 22,
          5, 15,  6, 17,  8, 13,  7,  8, 22, 10,  7, 12, 17, 21, 13, 13, 20, 18,
          6, 15, 21, 16, 22, 21, 10, 11, 21, 20, 13,  7, 15, 21,  6, 13,  5,  8,
         17,  8, 17, 19, 17, 12, 18, 15]])
torch.Size([2, 350])
Traceback (most recent call last):
  File "/home/rambala/work/learn/aiml/cnn/trainer.py", line 49, in <module>
    loss.backward()
  File "/home/rambala/pyenv/versions/pyenv1/lib/python3.12/site-packages/torch/_tensor.py", line 630, in backward
    torch.autograd.backward(
  File "/home/rambala/pyenv/versions/pyenv1/lib/python3.12/site-packages/torch/autograd/__init__.py", line 364, in backward
    _engine_run_backward(
  File "/home/rambala/pyenv/versions/pyenv1/lib/python3.12/site-packages/torch/autograd/graph.py", line 865, in _engine_run_backward
    return Variable._execution_engine.run_backward(  # Calls into the C++ engine to run the backward pass
           ^^^^^^^^^^^^^^^^^^^^^^^^^^^^^^^^^^^^^^^^^^^^^^^^^^^^^^^^^^^^^^^^^^^^^^^^^^^^^^^^^^^^^^^^^^^^^^
RuntimeError: CUDA error: CUBLAS_STATUS_ALLOC_FAILED when calling `cublasCreate(handle)`
