[2026-05-19 21:29:21] BTM r2 backup daemon started — interval 120 min
[2026-05-19 21:29:21] BTM r2 backup daemon started — interval 120 min
[2026-05-19 21:29:21] Local: /home/rambala/work/learn/aiml/transformer/btm_r2_backups
[2026-05-19 21:29:21] Local: /home/rambala/work/learn/aiml/transformer/btm_r2_backups
[2026-05-19 21:29:21] ======== backup start ========
[2026-05-19 21:29:21] ======== backup start ========
Welcome to vast.ai. If authentication fails, try again after a few seconds, and double check your ssh key.
Have fun!
Welcome to vast.ai. If authentication fails, try again after a few seconds, and double check your ssh key.
Have fun!
[2026-05-19 21:29:23] M2 no model.pth found yet
[2026-05-19 21:29:23] M2 no model.pth found yet
[2026-05-19 21:29:23] M3 no model.pth found yet
[2026-05-19 21:29:23] M3 no model.pth found yet
Welcome to vast.ai. If authentication fails, try again after a few seconds, and double check your ssh key.
Have fun!
Welcome to vast.ai. If authentication fails, try again after a few seconds, and double check your ssh key.
Have fun!
Welcome to vast.ai. If authentication fails, try again after a few seconds, and double check your ssh key.
Have fun!
Welcome to vast.ai. If authentication fails, try again after a few seconds, and double check your ssh key.
Have fun!
[2026-05-19 21:29:24] M4 no model.pth found yet
[2026-05-19 21:29:24] M4 no model.pth found yet
[2026-05-19 21:29:25] M1 no model.pth found yet
[2026-05-19 21:29:25] M1 no model.pth found yet
[2026-05-19 21:29:25] M2 train log OK
[2026-05-19 21:29:25] M2 train log OK
[2026-05-19 21:29:26] M3 train log OK
[2026-05-19 21:29:26] M3 train log OK
Welcome to vast.ai. If authentication fails, try again after a few seconds, and double check your ssh key.
Have fun!
Welcome to vast.ai. If authentication fails, try again after a few seconds, and double check your ssh key.
Have fun!
[2026-05-19 21:29:30] M4 train log OK
[2026-05-19 21:29:30] M4 train log OK
[2026-05-19 21:29:32] M1 train log OK
[2026-05-19 21:29:32] M1 train log OK
[2026-05-19 21:29:32] ======== backup done ========
[2026-05-19 21:29:32] ======== backup done ========
[2026-05-19 21:29:32] Next backup in 120 min...
[2026-05-19 21:29:32] Next backup in 120 min...
[2026-05-19 23:29:32] ======== backup start ========
[2026-05-19 23:29:32] ======== backup start ========
Welcome to vast.ai. If authentication fails, try again after a few seconds, and double check your ssh key.
Have fun!
Welcome to vast.ai. If authentication fails, try again after a few seconds, and double check your ssh key.
Have fun!
Welcome to vast.ai. If authentication fails, try again after a few seconds, and double check your ssh key.
Have fun!
Welcome to vast.ai. If authentication fails, try again after a few seconds, and double check your ssh key.
Have fun!
Welcome to vast.ai. If authentication fails, try again after a few seconds, and double check your ssh key.
Have fun!
Welcome to vast.ai. If authentication fails, try again after a few seconds, and double check your ssh key.
Have fun!
Welcome to vast.ai. If authentication fails, try again after a few seconds, and double check your ssh key.
Have fun!
Welcome to vast.ai. If authentication fails, try again after a few seconds, and double check your ssh key.
Have fun!
[2026-05-19 23:30:18] M3 model.pth OK (184M)
[2026-05-19 23:30:18] M3 model.pth OK (184M)
Welcome to vast.ai. If authentication fails, try again after a few seconds, and double check your ssh key.
Have fun!
[2026-05-19 23:30:21] M3 train log OK
[2026-05-19 23:30:21] M3 train log OK
[2026-05-19 23:30:43] M2 model.pth OK (184M)
[2026-05-19 23:30:43] M2 model.pth OK (184M)
Welcome to vast.ai. If authentication fails, try again after a few seconds, and double check your ssh key.
Have fun!
[2026-05-19 23:30:46] M2 train log OK
[2026-05-19 23:30:46] M2 train log OK
[2026-05-19 23:31:17] M4 model.pth OK (184M)
[2026-05-19 23:31:17] M4 model.pth OK (184M)
Welcome to vast.ai. If authentication fails, try again after a few seconds, and double check your ssh key.
Have fun!
[2026-05-19 23:31:22] M4 train log OK
[2026-05-19 23:31:22] M4 train log OK
[2026-05-19 23:38:41] M1 model.pth OK (184M)
[2026-05-19 23:38:41] M1 model.pth OK (184M)
Welcome to vast.ai. If authentication fails, try again after a few seconds, and double check your ssh key.
Have fun!
[2026-05-19 23:38:49] M1 train log OK
[2026-05-19 23:38:49] M1 train log OK
[2026-05-19 23:38:49] ======== backup done ========
[2026-05-19 23:38:49] ======== backup done ========
[2026-05-19 23:38:49] Next backup in 120 min...
[2026-05-19 23:38:49] Next backup in 120 min...
[2026-05-20 01:38:49] ======== backup start ========
[2026-05-20 01:38:49] ======== backup start ========
Welcome to vast.ai. If authentication fails, try again after a few seconds, and double check your ssh key.
Have fun!
Welcome to vast.ai. If authentication fails, try again after a few seconds, and double check your ssh key.
Have fun!
Welcome to vast.ai. If authentication fails, try again after a few seconds, and double check your ssh key.
Have fun!
Welcome to vast.ai. If authentication fails, try again after a few seconds, and double check your ssh key.
Have fun!
Welcome to vast.ai. If authentication fails, try again after a few seconds, and double check your ssh key.
Have fun!
Welcome to vast.ai. If authentication fails, try again after a few seconds, and double check your ssh key.
Have fun!
Welcome to vast.ai. If authentication fails, try again after a few seconds, and double check your ssh key.
Have fun!
Welcome to vast.ai. If authentication fails, try again after a few seconds, and double check your ssh key.
Have fun!
[2026-05-20 01:39:25] M3 model.pth OK (184M)
[2026-05-20 01:39:25] M3 model.pth OK (184M)
Welcome to vast.ai. If authentication fails, try again after a few seconds, and double check your ssh key.
Have fun!
[2026-05-20 01:39:29] M3 train log OK
[2026-05-20 01:39:29] M3 train log OK
[2026-05-20 01:39:38] M2 model.pth OK (184M)
[2026-05-20 01:39:38] M2 model.pth OK (184M)
Welcome to vast.ai. If authentication fails, try again after a few seconds, and double check your ssh key.
Have fun!
[2026-05-20 01:39:40] M2 train log OK
[2026-05-20 01:39:40] M2 train log OK
[2026-05-20 01:39:56] M4 model.pth OK (184M)
[2026-05-20 01:39:56] M4 model.pth OK (184M)
Welcome to vast.ai. If authentication fails, try again after a few seconds, and double check your ssh key.
Have fun!
[2026-05-20 01:40:01] M4 train log OK
[2026-05-20 01:40:01] M4 train log OK
[2026-05-20 01:47:58] M1 model.pth OK (184M)
[2026-05-20 01:47:58] M1 model.pth OK (184M)
Welcome to vast.ai. If authentication fails, try again after a few seconds, and double check your ssh key.
Have fun!
[2026-05-20 01:48:07] M1 train log OK
[2026-05-20 01:48:07] M1 train log OK
[2026-05-20 01:48:07] ======== backup done ========
[2026-05-20 01:48:07] ======== backup done ========
[2026-05-20 01:48:07] Next backup in 120 min...
[2026-05-20 01:48:07] Next backup in 120 min...
[2026-05-20 03:48:07] ======== backup start ========
[2026-05-20 03:48:07] ======== backup start ========
Welcome to vast.ai. If authentication fails, try again after a few seconds, and double check your ssh key.
Have fun!
Welcome to vast.ai. If authentication fails, try again after a few seconds, and double check your ssh key.
Have fun!
Welcome to vast.ai. If authentication fails, try again after a few seconds, and double check your ssh key.
Have fun!
Welcome to vast.ai. If authentication fails, try again after a few seconds, and double check your ssh key.
Have fun!
Welcome to vast.ai. If authentication fails, try again after a few seconds, and double check your ssh key.
Have fun!
Welcome to vast.ai. If authentication fails, try again after a few seconds, and double check your ssh key.
Have fun!
Welcome to vast.ai. If authentication fails, try again after a few seconds, and double check your ssh key.
Have fun!
Welcome to vast.ai. If authentication fails, try again after a few seconds, and double check your ssh key.
Have fun!
[2026-05-20 03:48:44] M3 model.pth OK (184M)
[2026-05-20 03:48:44] M3 model.pth OK (184M)
Welcome to vast.ai. If authentication fails, try again after a few seconds, and double check your ssh key.
Have fun!
[2026-05-20 03:48:47] M3 train log OK
[2026-05-20 03:48:47] M3 train log OK
[2026-05-20 03:48:59] M2 model.pth OK (184M)
[2026-05-20 03:48:59] M2 model.pth OK (184M)
Welcome to vast.ai. If authentication fails, try again after a few seconds, and double check your ssh key.
Have fun!
[2026-05-20 03:49:02] M2 train log OK
[2026-05-20 03:49:02] M2 train log OK
[2026-05-20 03:49:13] M4 model.pth OK (184M)
[2026-05-20 03:49:13] M4 model.pth OK (184M)
Welcome to vast.ai. If authentication fails, try again after a few seconds, and double check your ssh key.
Have fun!
[2026-05-20 03:49:19] M4 train log OK
[2026-05-20 03:49:19] M4 train log OK
[2026-05-20 03:57:16] M1 model.pth OK (184M)
[2026-05-20 03:57:16] M1 model.pth OK (184M)
Welcome to vast.ai. If authentication fails, try again after a few seconds, and double check your ssh key.
Have fun!
[2026-05-20 03:57:24] M1 train log OK
[2026-05-20 03:57:24] M1 train log OK
[2026-05-20 03:57:24] ======== backup done ========
[2026-05-20 03:57:24] ======== backup done ========
[2026-05-20 03:57:24] Next backup in 120 min...
[2026-05-20 03:57:24] Next backup in 120 min...
[2026-05-20 05:57:24] ======== backup start ========
[2026-05-20 05:57:24] ======== backup start ========
Welcome to vast.ai. If authentication fails, try again after a few seconds, and double check your ssh key.
Have fun!
Welcome to vast.ai. If authentication fails, try again after a few seconds, and double check your ssh key.
Have fun!
Welcome to vast.ai. If authentication fails, try again after a few seconds, and double check your ssh key.
Have fun!
Welcome to vast.ai. If authentication fails, try again after a few seconds, and double check your ssh key.
Have fun!
Welcome to vast.ai. If authentication fails, try again after a few seconds, and double check your ssh key.
Have fun!
Welcome to vast.ai. If authentication fails, try again after a few seconds, and double check your ssh key.
Have fun!
Welcome to vast.ai. If authentication fails, try again after a few seconds, and double check your ssh key.
Have fun!
Welcome to vast.ai. If authentication fails, try again after a few seconds, and double check your ssh key.
Have fun!
[2026-05-20 05:58:15] M3 model.pth OK (184M)
[2026-05-20 05:58:15] M3 model.pth OK (184M)
Welcome to vast.ai. If authentication fails, try again after a few seconds, and double check your ssh key.
Have fun!
[2026-05-20 05:58:19] M3 train log OK
[2026-05-20 05:58:19] M3 train log OK
[2026-05-20 05:58:28] M2 model.pth OK (184M)
[2026-05-20 05:58:28] M2 model.pth OK (184M)
Welcome to vast.ai. If authentication fails, try again after a few seconds, and double check your ssh key.
Have fun!
[2026-05-20 05:58:31] M2 train log OK
[2026-05-20 05:58:31] M2 train log OK
[2026-05-20 05:58:59] M4 model.pth OK (184M)
[2026-05-20 05:58:59] M4 model.pth OK (184M)
Welcome to vast.ai. If authentication fails, try again after a few seconds, and double check your ssh key.
Have fun!
[2026-05-20 05:59:04] M4 train log OK
[2026-05-20 05:59:04] M4 train log OK
[2026-05-20 06:06:37] M1 model.pth OK (184M)
[2026-05-20 06:06:37] M1 model.pth OK (184M)
Welcome to vast.ai. If authentication fails, try again after a few seconds, and double check your ssh key.
Have fun!
[2026-05-20 06:06:45] M1 train log OK
[2026-05-20 06:06:45] M1 train log OK
[2026-05-20 06:06:45] ======== backup done ========
[2026-05-20 06:06:45] ======== backup done ========
[2026-05-20 06:06:45] Next backup in 120 min...
[2026-05-20 06:06:45] Next backup in 120 min...
[2026-05-20 08:06:45] ======== backup start ========
[2026-05-20 08:06:45] ======== backup start ========
Welcome to vast.ai. If authentication fails, try again after a few seconds, and double check your ssh key.
Have fun!
Welcome to vast.ai. If authentication fails, try again after a few seconds, and double check your ssh key.
Have fun!
Welcome to vast.ai. If authentication fails, try again after a few seconds, and double check your ssh key.
Have fun!
Welcome to vast.ai. If authentication fails, try again after a few seconds, and double check your ssh key.
Have fun!
Welcome to vast.ai. If authentication fails, try again after a few seconds, and double check your ssh key.
Have fun!
Welcome to vast.ai. If authentication fails, try again after a few seconds, and double check your ssh key.
Have fun!
Welcome to vast.ai. If authentication fails, try again after a few seconds, and double check your ssh key.
Have fun!
Welcome to vast.ai. If authentication fails, try again after a few seconds, and double check your ssh key.
Have fun!
[2026-05-20 08:07:21] M3 model.pth OK (184M)
[2026-05-20 08:07:21] M3 model.pth OK (184M)
Welcome to vast.ai. If authentication fails, try again after a few seconds, and double check your ssh key.
Have fun!
[2026-05-20 08:07:24] M3 train log OK
[2026-05-20 08:07:24] M3 train log OK
[2026-05-20 08:07:38] M2 model.pth OK (184M)
[2026-05-20 08:07:38] M2 model.pth OK (184M)
Welcome to vast.ai. If authentication fails, try again after a few seconds, and double check your ssh key.
Have fun!
[2026-05-20 08:07:40] M2 train log OK
[2026-05-20 08:07:40] M2 train log OK
[2026-05-20 08:07:50] M4 model.pth OK (184M)
[2026-05-20 08:07:50] M4 model.pth OK (184M)
Welcome to vast.ai. If authentication fails, try again after a few seconds, and double check your ssh key.
Have fun!
[2026-05-20 08:07:56] M4 train log OK
[2026-05-20 08:07:56] M4 train log OK
[2026-05-20 08:15:54] M1 model.pth OK (184M)
[2026-05-20 08:15:54] M1 model.pth OK (184M)
Welcome to vast.ai. If authentication fails, try again after a few seconds, and double check your ssh key.
Have fun!
[2026-05-20 08:16:01] M1 train log OK
[2026-05-20 08:16:01] M1 train log OK
[2026-05-20 08:16:01] ======== backup done ========
[2026-05-20 08:16:01] ======== backup done ========
[2026-05-20 08:16:01] Next backup in 120 min...
[2026-05-20 08:16:01] Next backup in 120 min...
[2026-05-20 10:16:01] ======== backup start ========
[2026-05-20 10:16:01] ======== backup start ========
ssh: connect to host 74.48.78.46 port 61077: Connection refused
[2026-05-20 10:16:02] M1 no model.pth found yet
[2026-05-20 10:16:02] M1 no model.pth found yet
ssh: connect to host 74.48.78.46 port 61077: Connection refused
scp: Connection closed
[2026-05-20 10:16:02] M1 train log FAILED
[2026-05-20 10:16:02] M1 train log FAILED
Welcome to vast.ai. If authentication fails, try again after a few seconds, and double check your ssh key.
Have fun!
Welcome to vast.ai. If authentication fails, try again after a few seconds, and double check your ssh key.
Have fun!
Welcome to vast.ai. If authentication fails, try again after a few seconds, and double check your ssh key.
Have fun!
Welcome to vast.ai. If authentication fails, try again after a few seconds, and double check your ssh key.
Have fun!
Welcome to vast.ai. If authentication fails, try again after a few seconds, and double check your ssh key.
Have fun!
Welcome to vast.ai. If authentication fails, try again after a few seconds, and double check your ssh key.
Have fun!
[2026-05-20 10:16:38] M3 model.pth OK (184M)
[2026-05-20 10:16:38] M3 model.pth OK (184M)
Welcome to vast.ai. If authentication fails, try again after a few seconds, and double check your ssh key.
Have fun!
[2026-05-20 10:16:41] M3 train log OK
[2026-05-20 10:16:41] M3 train log OK
[2026-05-20 10:17:04] M2 model.pth OK (184M)
[2026-05-20 10:17:04] M2 model.pth OK (184M)
Welcome to vast.ai. If authentication fails, try again after a few seconds, and double check your ssh key.
Have fun!
[2026-05-20 10:17:06] M2 train log OK
[2026-05-20 10:17:06] M2 train log OK
[2026-05-20 10:17:21] M4 model.pth OK (184M)
[2026-05-20 10:17:21] M4 model.pth OK (184M)
Welcome to vast.ai. If authentication fails, try again after a few seconds, and double check your ssh key.
Have fun!
[2026-05-20 10:17:27] M4 train log OK
[2026-05-20 10:17:27] M4 train log OK
[2026-05-20 10:17:27] ======== backup done ========
[2026-05-20 10:17:27] ======== backup done ========
[2026-05-20 10:17:27] Next backup in 120 min...
[2026-05-20 10:17:27] Next backup in 120 min...
[2026-05-20 12:17:27] ======== backup start ========
[2026-05-20 12:17:27] ======== backup start ========
Welcome to vast.ai. If authentication fails, try again after a few seconds, and double check your ssh key.
Have fun!
Welcome to vast.ai. If authentication fails, try again after a few seconds, and double check your ssh key.
Have fun!
Welcome to vast.ai. If authentication fails, try again after a few seconds, and double check your ssh key.
Have fun!
Welcome to vast.ai. If authentication fails, try again after a few seconds, and double check your ssh key.
Have fun!
Welcome to vast.ai. If authentication fails, try again after a few seconds, and double check your ssh key.
Have fun!
Welcome to vast.ai. If authentication fails, try again after a few seconds, and double check your ssh key.
Have fun!
Welcome to vast.ai. If authentication fails, try again after a few seconds, and double check your ssh key.
Have fun!
Welcome to vast.ai. If authentication fails, try again after a few seconds, and double check your ssh key.
Have fun!
[2026-05-20 12:18:05] M3 model.pth OK (184M)
[2026-05-20 12:18:05] M3 model.pth OK (184M)
Welcome to vast.ai. If authentication fails, try again after a few seconds, and double check your ssh key.
Have fun!
[2026-05-20 12:18:08] M3 train log OK
[2026-05-20 12:18:08] M3 train log OK
[2026-05-20 12:18:22] M2 model.pth OK (184M)
[2026-05-20 12:18:22] M2 model.pth OK (184M)
Welcome to vast.ai. If authentication fails, try again after a few seconds, and double check your ssh key.
Have fun!
[2026-05-20 12:18:25] M2 train log OK
[2026-05-20 12:18:25] M2 train log OK
[2026-05-20 12:18:48] M4 model.pth OK (184M)
[2026-05-20 12:18:48] M4 model.pth OK (184M)
Welcome to vast.ai. If authentication fails, try again after a few seconds, and double check your ssh key.
Have fun!
[2026-05-20 12:18:54] M4 train log OK
[2026-05-20 12:18:54] M4 train log OK
[2026-05-20 12:26:45] M1 model.pth OK (184M)
[2026-05-20 12:26:45] M1 model.pth OK (184M)
Welcome to vast.ai. If authentication fails, try again after a few seconds, and double check your ssh key.
Have fun!
[2026-05-20 12:26:52] M1 train log OK
[2026-05-20 12:26:52] M1 train log OK
[2026-05-20 12:26:52] ======== backup done ========
[2026-05-20 12:26:52] ======== backup done ========
[2026-05-20 12:26:52] Next backup in 120 min...
[2026-05-20 12:26:52] Next backup in 120 min...
