tensor([[16,  9, 13,  ..., 19, 17, 10],
        [16,  8, 15,  ..., 21, 17,  6]])
torch.Size([2, 1000])
Epoch: 0, Training Loss: 0.695115827023983, Accuracy: 0.49625
Epoch: 0, Validation Loss: 0.6703392863273621, Accuracy: 0.6125
Epoch: 1, Training Loss: 0.6642579063773155, Accuracy: 0.63
Epoch: 1, Validation Loss: 0.6504380404949188, Accuracy: 0.685
Epoch: 2, Training Loss: 0.6279853843152523, Accuracy: 0.709375
Epoch: 2, Validation Loss: 0.6076128035783768, Accuracy: 0.6875
Epoch: 3, Training Loss: 0.5753727406263351, Accuracy: 0.726875
Epoch: 3, Validation Loss: 0.5607092976570129, Accuracy: 0.695
Epoch: 4, Training Loss: 0.5244438853114843, Accuracy: 0.735625
Epoch: 4, Validation Loss: 0.5205311924219131, Accuracy: 0.7175
Epoch: 5, Training Loss: 0.4869905300438404, Accuracy: 0.7675
Epoch: 5, Validation Loss: 0.486405573785305, Accuracy: 0.7575
Epoch: 6, Training Loss: 0.451466616243124, Accuracy: 0.8
Epoch: 6, Validation Loss: 0.46422940492630005, Accuracy: 0.7775
Epoch: 7, Training Loss: 0.4181939400732517, Accuracy: 0.81625
Epoch: 7, Validation Loss: 0.4336158335208893, Accuracy: 0.79
Epoch: 8, Training Loss: 0.38822524063289165, Accuracy: 0.835625
Epoch: 8, Validation Loss: 0.4010051339864731, Accuracy: 0.82
Epoch: 9, Training Loss: 0.35838574171066284, Accuracy: 0.85
Epoch: 9, Validation Loss: 0.37418239563703537, Accuracy: 0.82
Epoch: 10, Training Loss: 0.32939344085752964, Accuracy: 0.86
Epoch: 10, Validation Loss: 0.3491794466972351, Accuracy: 0.8325
Epoch: 11, Training Loss: 0.3048586007207632, Accuracy: 0.88
Epoch: 11, Validation Loss: 0.33414606004953384, Accuracy: 0.8275
Epoch: 12, Training Loss: 0.2796009173616767, Accuracy: 0.89625
Epoch: 12, Validation Loss: 0.3165768161416054, Accuracy: 0.8475
Epoch: 13, Training Loss: 0.2554143024608493, Accuracy: 0.908125
Epoch: 13, Validation Loss: 0.2965865507721901, Accuracy: 0.86
Epoch: 14, Training Loss: 0.2366966800764203, Accuracy: 0.915625
Epoch: 14, Validation Loss: 0.27921246737241745, Accuracy: 0.87
Epoch: 15, Training Loss: 0.21591752022504807, Accuracy: 0.92875
Epoch: 15, Validation Loss: 0.2634521909058094, Accuracy: 0.8825
Epoch: 16, Training Loss: 0.1986756855621934, Accuracy: 0.93625
Epoch: 16, Validation Loss: 0.2530198022723198, Accuracy: 0.89
Epoch: 17, Training Loss: 0.1823624363169074, Accuracy: 0.938125
Epoch: 17, Validation Loss: 0.24125073477625847, Accuracy: 0.89
Epoch: 18, Training Loss: 0.1665926813147962, Accuracy: 0.949375
Epoch: 18, Validation Loss: 0.23640162870287895, Accuracy: 0.9
Epoch: 19, Training Loss: 0.15435188356786966, Accuracy: 0.950625
Epoch: 19, Validation Loss: 0.22578532993793488, Accuracy: 0.9
Epoch: 20, Training Loss: 0.14150869334116578, Accuracy: 0.95625
Epoch: 20, Validation Loss: 0.21982526406645775, Accuracy: 0.9
Epoch: 21, Training Loss: 0.13205218687653542, Accuracy: 0.956875
Epoch: 21, Validation Loss: 0.20253899320960045, Accuracy: 0.905
Epoch: 22, Training Loss: 0.12169910548254848, Accuracy: 0.963125
Epoch: 22, Validation Loss: 0.21646260097622871, Accuracy: 0.9075
Epoch: 23, Training Loss: 0.11170778563246131, Accuracy: 0.968125
Epoch: 23, Validation Loss: 0.19950803741812706, Accuracy: 0.9025
Epoch: 24, Training Loss: 0.1018990003503859, Accuracy: 0.9725
Epoch: 24, Validation Loss: 0.19423223286867142, Accuracy: 0.915
Epoch: 25, Training Loss: 0.09351925179362297, Accuracy: 0.98
Epoch: 25, Validation Loss: 0.1949969045817852, Accuracy: 0.9225
Epoch: 26, Training Loss: 0.08775736531242728, Accuracy: 0.98
Epoch: 26, Validation Loss: 0.1977379433810711, Accuracy: 0.9175
Epoch: 27, Training Loss: 0.07995296618901193, Accuracy: 0.98125
Epoch: 27, Validation Loss: 0.1940154731273651, Accuracy: 0.9175
Epoch: 28, Training Loss: 0.07265065493993461, Accuracy: 0.986875
Epoch: 28, Validation Loss: 0.1921500526368618, Accuracy: 0.92
Epoch: 29, Training Loss: 0.06701907329261303, Accuracy: 0.989375
Epoch: 29, Validation Loss: 0.18633761629462242, Accuracy: 0.925
