tensor([[23,  7, 21,  ..., 17, 12, 19],
        [16,  7,  7,  ..., 17, 12,  6]])
torch.Size([2, 1000])
Epoch: 0, Training Loss: 0.7090596742928028, Accuracy: 0.495625
Epoch: 0, Validation Loss: 0.6892398744821548, Accuracy: 0.5225
Epoch: 1, Training Loss: 0.6844837293028831, Accuracy: 0.57375
Epoch: 1, Validation Loss: 0.6781872510910034, Accuracy: 0.645
Epoch: 2, Training Loss: 0.6663339622318745, Accuracy: 0.675
Epoch: 2, Validation Loss: 0.6644304841756821, Accuracy: 0.64
Epoch: 3, Training Loss: 0.6421962566673756, Accuracy: 0.696875
Epoch: 3, Validation Loss: 0.6465382426977158, Accuracy: 0.665
Epoch: 4, Training Loss: 0.6135497577488422, Accuracy: 0.7125
Epoch: 4, Validation Loss: 0.6265854984521866, Accuracy: 0.7
Epoch: 5, Training Loss: 0.5854740850627422, Accuracy: 0.72875
Epoch: 5, Validation Loss: 0.6106613427400589, Accuracy: 0.7025
Epoch: 6, Training Loss: 0.5605773814022541, Accuracy: 0.73625
Epoch: 6, Validation Loss: 0.5940422862768173, Accuracy: 0.6975
Epoch: 7, Training Loss: 0.5391883179545403, Accuracy: 0.743125
Epoch: 7, Validation Loss: 0.583475187420845, Accuracy: 0.7025
Epoch: 8, Training Loss: 0.5200650412589312, Accuracy: 0.759375
Epoch: 8, Validation Loss: 0.5715068578720093, Accuracy: 0.725
Epoch: 9, Training Loss: 0.5040697697550058, Accuracy: 0.78125
Epoch: 9, Validation Loss: 0.5701775252819061, Accuracy: 0.705
Epoch: 10, Training Loss: 0.4894763454794884, Accuracy: 0.789375
Epoch: 10, Validation Loss: 0.5686138719320297, Accuracy: 0.7075
Epoch: 11, Training Loss: 0.4793611317873001, Accuracy: 0.7925
Epoch: 11, Validation Loss: 0.5483260601758957, Accuracy: 0.7375
Epoch: 12, Training Loss: 0.4689472634345293, Accuracy: 0.80375
Epoch: 12, Validation Loss: 0.5436767935752869, Accuracy: 0.7475
Epoch: 13, Training Loss: 0.45622583851218224, Accuracy: 0.808125
Epoch: 13, Validation Loss: 0.536021813750267, Accuracy: 0.755
Epoch: 14, Training Loss: 0.4463792070746422, Accuracy: 0.810625
Epoch: 14, Validation Loss: 0.5415685474872589, Accuracy: 0.73
Epoch: 15, Training Loss: 0.43795911222696304, Accuracy: 0.82125
Epoch: 15, Validation Loss: 0.5287303924560547, Accuracy: 0.7525
Epoch: 16, Training Loss: 0.42953408136963844, Accuracy: 0.82
Epoch: 16, Validation Loss: 0.5216625034809113, Accuracy: 0.7725
Epoch: 17, Training Loss: 0.4215828273445368, Accuracy: 0.82625
Epoch: 17, Validation Loss: 0.5268452167510986, Accuracy: 0.7425
Epoch: 18, Training Loss: 0.4161170292645693, Accuracy: 0.83625
Epoch: 18, Validation Loss: 0.5141326934099197, Accuracy: 0.7775
Epoch: 19, Training Loss: 0.40761979669332504, Accuracy: 0.83375
Epoch: 19, Validation Loss: 0.5099408254027367, Accuracy: 0.7625
Epoch: 20, Training Loss: 0.4036156162619591, Accuracy: 0.840625
Epoch: 20, Validation Loss: 0.5096693783998489, Accuracy: 0.765
Epoch: 21, Training Loss: 0.3962052781134844, Accuracy: 0.839375
Epoch: 21, Validation Loss: 0.5055388733744621, Accuracy: 0.7725
Epoch: 22, Training Loss: 0.39204811677336693, Accuracy: 0.843125
Epoch: 22, Validation Loss: 0.5027968436479568, Accuracy: 0.7725
Epoch: 23, Training Loss: 0.38621372543275356, Accuracy: 0.84625
Epoch: 23, Validation Loss: 0.507940374314785, Accuracy: 0.7575
Epoch: 24, Training Loss: 0.38134471140801907, Accuracy: 0.85
Epoch: 24, Validation Loss: 0.5162039026618004, Accuracy: 0.745
Epoch: 25, Training Loss: 0.37655122578144073, Accuracy: 0.850625
Epoch: 25, Validation Loss: 0.4904808849096298, Accuracy: 0.7725
Epoch: 26, Training Loss: 0.37059408240020275, Accuracy: 0.853125
Epoch: 26, Validation Loss: 0.5041413083672523, Accuracy: 0.7675
Epoch: 27, Training Loss: 0.36649714037775993, Accuracy: 0.853125
Epoch: 27, Validation Loss: 0.4941982626914978, Accuracy: 0.7775
Epoch: 28, Training Loss: 0.3610480185598135, Accuracy: 0.855
Epoch: 28, Validation Loss: 0.4938504919409752, Accuracy: 0.78
Epoch: 29, Training Loss: 0.35610777512192726, Accuracy: 0.86125
Epoch: 29, Validation Loss: 0.49614328145980835, Accuracy: 0.7725
