tensor([[19, 14, 12,  ..., 16, 11, 16],
        [ 6, 15, 12,  ..., 15, 17, 16]])
torch.Size([2, 1000])
Epoch: 0, Training Loss: 0.687680572271347, Accuracy: 0.551875
Epoch: 0, Validation Loss: 0.6802659183740616, Accuracy: 0.5925
Epoch: 1, Training Loss: 0.6679217331111431, Accuracy: 0.649375
Epoch: 1, Validation Loss: 0.6582838147878647, Accuracy: 0.6575
Epoch: 2, Training Loss: 0.6383571587502956, Accuracy: 0.6875
Epoch: 2, Validation Loss: 0.6227001398801804, Accuracy: 0.6775
Epoch: 3, Training Loss: 0.5945865400135517, Accuracy: 0.71625
Epoch: 3, Validation Loss: 0.5774632394313812, Accuracy: 0.7075
Epoch: 4, Training Loss: 0.5460915081202984, Accuracy: 0.735
Epoch: 4, Validation Loss: 0.5378651320934296, Accuracy: 0.72
Epoch: 5, Training Loss: 0.5042662993073463, Accuracy: 0.76375
Epoch: 5, Validation Loss: 0.5087760016322136, Accuracy: 0.7475
Epoch: 6, Training Loss: 0.4660337548702955, Accuracy: 0.7975
Epoch: 6, Validation Loss: 0.4784037843346596, Accuracy: 0.7725
Epoch: 7, Training Loss: 0.42909244261682034, Accuracy: 0.82
Epoch: 7, Validation Loss: 0.4548810124397278, Accuracy: 0.785
Epoch: 8, Training Loss: 0.39401182718575, Accuracy: 0.835
Epoch: 8, Validation Loss: 0.42995430529117584, Accuracy: 0.7875
Epoch: 9, Training Loss: 0.3578277565538883, Accuracy: 0.86125
Epoch: 9, Validation Loss: 0.407259039580822, Accuracy: 0.805
Epoch: 10, Training Loss: 0.32425173185765743, Accuracy: 0.876875
Epoch: 10, Validation Loss: 0.38377124071121216, Accuracy: 0.8275
Epoch: 11, Training Loss: 0.2898211572319269, Accuracy: 0.8925
Epoch: 11, Validation Loss: 0.36039650440216064, Accuracy: 0.82
Epoch: 12, Training Loss: 0.2587016746401787, Accuracy: 0.913125
Epoch: 12, Validation Loss: 0.33770623058080673, Accuracy: 0.84
Epoch: 13, Training Loss: 0.23206650372594595, Accuracy: 0.9225
Epoch: 13, Validation Loss: 0.3353281468153, Accuracy: 0.84
Epoch: 14, Training Loss: 0.2041359543800354, Accuracy: 0.940625
Epoch: 14, Validation Loss: 0.30798331648111343, Accuracy: 0.86
Epoch: 15, Training Loss: 0.18084810953587294, Accuracy: 0.949375
Epoch: 15, Validation Loss: 0.28644784912467003, Accuracy: 0.855
Epoch: 16, Training Loss: 0.15799435880035162, Accuracy: 0.959375
Epoch: 16, Validation Loss: 0.2732262648642063, Accuracy: 0.8575
Epoch: 17, Training Loss: 0.13980427477508783, Accuracy: 0.968125
Epoch: 17, Validation Loss: 0.2727080024778843, Accuracy: 0.88
Epoch: 18, Training Loss: 0.12415171647444367, Accuracy: 0.975
Epoch: 18, Validation Loss: 0.2558461055159569, Accuracy: 0.8725
Epoch: 19, Training Loss: 0.11050447355955839, Accuracy: 0.98125
Epoch: 19, Validation Loss: 0.26109426841139793, Accuracy: 0.8875
Epoch: 20, Training Loss: 0.0984905306249857, Accuracy: 0.980625
Epoch: 20, Validation Loss: 0.23713412508368492, Accuracy: 0.8875
Epoch: 21, Training Loss: 0.08864518185146153, Accuracy: 0.984375
Epoch: 21, Validation Loss: 0.23132694512605667, Accuracy: 0.885
Epoch: 22, Training Loss: 0.0796116937417537, Accuracy: 0.9875
Epoch: 22, Validation Loss: 0.23427297919988632, Accuracy: 0.885
Epoch: 23, Training Loss: 0.07252060039900243, Accuracy: 0.99
Epoch: 23, Validation Loss: 0.2277282364666462, Accuracy: 0.8925
Epoch: 24, Training Loss: 0.06392418756149709, Accuracy: 0.99
Epoch: 24, Validation Loss: 0.22776595875620842, Accuracy: 0.885
Epoch: 25, Training Loss: 0.05903904791921377, Accuracy: 0.99125
Epoch: 25, Validation Loss: 0.21563420444726944, Accuracy: 0.895
Epoch: 26, Training Loss: 0.05381440953351557, Accuracy: 0.993125
Epoch: 26, Validation Loss: 0.2152317352592945, Accuracy: 0.905
Epoch: 27, Training Loss: 0.04841493163257837, Accuracy: 0.994375
Epoch: 27, Validation Loss: 0.2130480855703354, Accuracy: 0.8975
Epoch: 28, Training Loss: 0.04429317882750183, Accuracy: 0.995
Epoch: 28, Validation Loss: 0.2144964076578617, Accuracy: 0.9
Epoch: 29, Training Loss: 0.04034114477690309, Accuracy: 0.995625
Epoch: 29, Validation Loss: 0.21734219416975975, Accuracy: 0.91
