tensor([[ 6, 18, 21,  ..., 16,  8, 16],
        [ 6, 18,  7,  ..., 12,  8, 14]])
torch.Size([2, 1000])
Epoch: 0, Training Loss: 0.6847318932414055, Accuracy: 0.563125
Epoch: 0, Validation Loss: 0.6791937202215195, Accuracy: 0.595
Epoch: 1, Training Loss: 0.6666813492774963, Accuracy: 0.650625
Epoch: 1, Validation Loss: 0.6612388342618942, Accuracy: 0.6125
Epoch: 2, Training Loss: 0.6384829580783844, Accuracy: 0.67875
Epoch: 2, Validation Loss: 0.6326974481344223, Accuracy: 0.65
Epoch: 3, Training Loss: 0.5968934446573257, Accuracy: 0.700625
Epoch: 3, Validation Loss: 0.5961062759160995, Accuracy: 0.6675
Epoch: 4, Training Loss: 0.551225408911705, Accuracy: 0.7375
Epoch: 4, Validation Loss: 0.5588788986206055, Accuracy: 0.7125
Epoch: 5, Training Loss: 0.5107275005429983, Accuracy: 0.7675
Epoch: 5, Validation Loss: 0.5271186679601669, Accuracy: 0.72
Epoch: 6, Training Loss: 0.47195498272776604, Accuracy: 0.785625
Epoch: 6, Validation Loss: 0.4929652214050293, Accuracy: 0.7725
Epoch: 7, Training Loss: 0.4331633001565933, Accuracy: 0.80375
Epoch: 7, Validation Loss: 0.460747666656971, Accuracy: 0.7925
Epoch: 8, Training Loss: 0.3936295881867409, Accuracy: 0.83625
Epoch: 8, Validation Loss: 0.43150174617767334, Accuracy: 0.8
Epoch: 9, Training Loss: 0.3560676537454128, Accuracy: 0.85625
Epoch: 9, Validation Loss: 0.4023428037762642, Accuracy: 0.815
Epoch: 10, Training Loss: 0.3186989799141884, Accuracy: 0.87625
Epoch: 10, Validation Loss: 0.3778847008943558, Accuracy: 0.8175
Epoch: 11, Training Loss: 0.28596151899546385, Accuracy: 0.899375
Epoch: 11, Validation Loss: 0.3516935557126999, Accuracy: 0.8375
Epoch: 12, Training Loss: 0.2557933907955885, Accuracy: 0.9125
Epoch: 12, Validation Loss: 0.33358659595251083, Accuracy: 0.85
Epoch: 13, Training Loss: 0.22627311572432518, Accuracy: 0.9275
Epoch: 13, Validation Loss: 0.31428801268339157, Accuracy: 0.855
Epoch: 14, Training Loss: 0.20086485147476196, Accuracy: 0.93875
Epoch: 14, Validation Loss: 0.29411880671977997, Accuracy: 0.8675
Epoch: 15, Training Loss: 0.1801028922200203, Accuracy: 0.941875
Epoch: 15, Validation Loss: 0.2929260954260826, Accuracy: 0.8525
Epoch: 16, Training Loss: 0.16329582454636693, Accuracy: 0.9525
Epoch: 16, Validation Loss: 0.2708764411509037, Accuracy: 0.8825
Epoch: 17, Training Loss: 0.14471761509776115, Accuracy: 0.96
Epoch: 17, Validation Loss: 0.2622092254459858, Accuracy: 0.8825
Epoch: 18, Training Loss: 0.12920071883127093, Accuracy: 0.966875
Epoch: 18, Validation Loss: 0.25302334874868393, Accuracy: 0.8875
Epoch: 19, Training Loss: 0.11661786446347833, Accuracy: 0.97125
Epoch: 19, Validation Loss: 0.24280287697911263, Accuracy: 0.885
Epoch: 20, Training Loss: 0.10555334761738777, Accuracy: 0.975625
Epoch: 20, Validation Loss: 0.23778441548347473, Accuracy: 0.8925
Epoch: 21, Training Loss: 0.09593743365257978, Accuracy: 0.978125
Epoch: 21, Validation Loss: 0.23213892430067062, Accuracy: 0.8975
Epoch: 22, Training Loss: 0.08697525877505541, Accuracy: 0.980625
Epoch: 22, Validation Loss: 0.2402205839753151, Accuracy: 0.8975
Epoch: 23, Training Loss: 0.07980683958157897, Accuracy: 0.98125
Epoch: 23, Validation Loss: 0.22374095395207405, Accuracy: 0.9075
Epoch: 24, Training Loss: 0.07204317068681121, Accuracy: 0.985
Epoch: 24, Validation Loss: 0.22458435222506523, Accuracy: 0.9075
Epoch: 25, Training Loss: 0.06532866042107344, Accuracy: 0.98625
Epoch: 25, Validation Loss: 0.22881554067134857, Accuracy: 0.905
Epoch: 26, Training Loss: 0.05938620469532907, Accuracy: 0.99
Epoch: 26, Validation Loss: 0.21725071594119072, Accuracy: 0.91
Epoch: 27, Training Loss: 0.055317673832178116, Accuracy: 0.99125
Epoch: 27, Validation Loss: 0.22385942563414574, Accuracy: 0.905
Epoch: 28, Training Loss: 0.050506726605817676, Accuracy: 0.99375
Epoch: 28, Validation Loss: 0.22574863582849503, Accuracy: 0.9075
Epoch: 29, Training Loss: 0.04567685513757169, Accuracy: 0.995
Epoch: 29, Validation Loss: 0.21975835785269737, Accuracy: 0.9125
