tensor([[17, 10, 15,  ...,  9,  6, 17],
        [17, 10, 13,  ..., 17, 24, 11]])
torch.Size([2, 1000])
Epoch: 0, Training Loss: 0.6826355904340744, Accuracy: 0.583125
Epoch: 0, Validation Loss: 0.6751484274864197, Accuracy: 0.615
Epoch: 1, Training Loss: 0.6566861793398857, Accuracy: 0.653125
Epoch: 1, Validation Loss: 0.6488393098115921, Accuracy: 0.635
Epoch: 2, Training Loss: 0.6185156591236591, Accuracy: 0.7
Epoch: 2, Validation Loss: 0.6125578135251999, Accuracy: 0.665
Epoch: 3, Training Loss: 0.5705060623586178, Accuracy: 0.731875
Epoch: 3, Validation Loss: 0.5690176635980606, Accuracy: 0.6975
Epoch: 4, Training Loss: 0.5271109268069267, Accuracy: 0.74375
Epoch: 4, Validation Loss: 0.5375085324048996, Accuracy: 0.725
Epoch: 5, Training Loss: 0.4908385407179594, Accuracy: 0.764375
Epoch: 5, Validation Loss: 0.5049769282341003, Accuracy: 0.7575
Epoch: 6, Training Loss: 0.45536992885172367, Accuracy: 0.794375
Epoch: 6, Validation Loss: 0.47424740344285965, Accuracy: 0.7825
Epoch: 7, Training Loss: 0.41998012736439705, Accuracy: 0.8125
Epoch: 7, Validation Loss: 0.44137275218963623, Accuracy: 0.8225
Epoch: 8, Training Loss: 0.3815178629010916, Accuracy: 0.843125
Epoch: 8, Validation Loss: 0.41045326739549637, Accuracy: 0.84
Epoch: 9, Training Loss: 0.34737649373710155, Accuracy: 0.86875
Epoch: 9, Validation Loss: 0.3820897191762924, Accuracy: 0.8475
Epoch: 10, Training Loss: 0.31100404541939497, Accuracy: 0.883125
Epoch: 10, Validation Loss: 0.35371770709753036, Accuracy: 0.855
Epoch: 11, Training Loss: 0.2769103925675154, Accuracy: 0.90375
Epoch: 11, Validation Loss: 0.3314485028386116, Accuracy: 0.86
Epoch: 12, Training Loss: 0.24661598075181246, Accuracy: 0.919375
Epoch: 12, Validation Loss: 0.3072413057088852, Accuracy: 0.8725
Epoch: 13, Training Loss: 0.21752706449478865, Accuracy: 0.934375
Epoch: 13, Validation Loss: 0.28885825350880623, Accuracy: 0.8825
Epoch: 14, Training Loss: 0.19143733941018581, Accuracy: 0.939375
Epoch: 14, Validation Loss: 0.26545392721891403, Accuracy: 0.89
Epoch: 15, Training Loss: 0.1690129665657878, Accuracy: 0.95375
Epoch: 15, Validation Loss: 0.2502758875489235, Accuracy: 0.8925
Epoch: 16, Training Loss: 0.15001424588263035, Accuracy: 0.959375
Epoch: 16, Validation Loss: 0.2351478822529316, Accuracy: 0.8975
Epoch: 17, Training Loss: 0.13267698977142572, Accuracy: 0.96625
Epoch: 17, Validation Loss: 0.22648311033844948, Accuracy: 0.9075
Epoch: 18, Training Loss: 0.11754549341276288, Accuracy: 0.975
Epoch: 18, Validation Loss: 0.21330787241458893, Accuracy: 0.9075
Epoch: 19, Training Loss: 0.10356114152818918, Accuracy: 0.976875
Epoch: 19, Validation Loss: 0.2051725722849369, Accuracy: 0.915
Epoch: 20, Training Loss: 0.09370536752976477, Accuracy: 0.98125
Epoch: 20, Validation Loss: 0.20619047433137894, Accuracy: 0.92
Epoch: 21, Training Loss: 0.0844138297252357, Accuracy: 0.98625
Epoch: 21, Validation Loss: 0.19661454111337662, Accuracy: 0.92
Epoch: 22, Training Loss: 0.07467452017590404, Accuracy: 0.988125
Epoch: 22, Validation Loss: 0.1881658174097538, Accuracy: 0.92
Epoch: 23, Training Loss: 0.06753060407936573, Accuracy: 0.991875
Epoch: 23, Validation Loss: 0.18580715358257294, Accuracy: 0.9325
Epoch: 24, Training Loss: 0.06141784694045782, Accuracy: 0.9925
Epoch: 24, Validation Loss: 0.18641027435660362, Accuracy: 0.9275
Epoch: 25, Training Loss: 0.054816546151414514, Accuracy: 0.99375
Epoch: 25, Validation Loss: 0.17514225095510483, Accuracy: 0.9325
Epoch: 26, Training Loss: 0.05028754787053913, Accuracy: 0.994375
Epoch: 26, Validation Loss: 0.1760130673646927, Accuracy: 0.9375
Epoch: 27, Training Loss: 0.04603556264191866, Accuracy: 0.994375
Epoch: 27, Validation Loss: 0.17115318775177002, Accuracy: 0.9425
Epoch: 28, Training Loss: 0.0426921994658187, Accuracy: 0.995
Epoch: 28, Validation Loss: 0.17212728783488274, Accuracy: 0.9325
Epoch: 29, Training Loss: 0.038211441016756, Accuracy: 0.9975
Epoch: 29, Validation Loss: 0.17280767485499382, Accuracy: 0.9325
