tensor([[ 6, 23, 18,  ..., 20,  7, 19],
        [20,  5, 10,  ...,  8,  7,  9]])
torch.Size([2, 1000])
Epoch: 0, Training Loss: 0.6847102642059326, Accuracy: 0.589375
Epoch: 0, Validation Loss: 0.6726038753986359, Accuracy: 0.655
Epoch: 1, Training Loss: 0.6613360419869423, Accuracy: 0.69
Epoch: 1, Validation Loss: 0.6457786560058594, Accuracy: 0.7175
Epoch: 2, Training Loss: 0.6252620629966259, Accuracy: 0.72125
Epoch: 2, Validation Loss: 0.6043218821287155, Accuracy: 0.7375
Epoch: 3, Training Loss: 0.5753221064805984, Accuracy: 0.73875
Epoch: 3, Validation Loss: 0.5580983310937881, Accuracy: 0.755
Epoch: 4, Training Loss: 0.5297131929546595, Accuracy: 0.751875
Epoch: 4, Validation Loss: 0.5214739367365837, Accuracy: 0.7775
Epoch: 5, Training Loss: 0.4886998236179352, Accuracy: 0.781875
Epoch: 5, Validation Loss: 0.4939463809132576, Accuracy: 0.775
Epoch: 6, Training Loss: 0.45226462185382843, Accuracy: 0.80875
Epoch: 6, Validation Loss: 0.46648381650447845, Accuracy: 0.7975
Epoch: 7, Training Loss: 0.4143337234854698, Accuracy: 0.8275
Epoch: 7, Validation Loss: 0.4339006170630455, Accuracy: 0.8175
Epoch: 8, Training Loss: 0.3778361063450575, Accuracy: 0.84625
Epoch: 8, Validation Loss: 0.40762870013713837, Accuracy: 0.8275
Epoch: 9, Training Loss: 0.3430333584547043, Accuracy: 0.87
Epoch: 9, Validation Loss: 0.3784363716840744, Accuracy: 0.8525
Epoch: 10, Training Loss: 0.30952986516058445, Accuracy: 0.880625
Epoch: 10, Validation Loss: 0.3522544503211975, Accuracy: 0.87
Epoch: 11, Training Loss: 0.27753082662820816, Accuracy: 0.898125
Epoch: 11, Validation Loss: 0.33151698112487793, Accuracy: 0.87
Epoch: 12, Training Loss: 0.24822697881609201, Accuracy: 0.914375
Epoch: 12, Validation Loss: 0.3191120848059654, Accuracy: 0.885
Epoch: 13, Training Loss: 0.2227110844105482, Accuracy: 0.93
Epoch: 13, Validation Loss: 0.29043934866786003, Accuracy: 0.8925
Epoch: 14, Training Loss: 0.19893317949026823, Accuracy: 0.94375
Epoch: 14, Validation Loss: 0.2718730829656124, Accuracy: 0.89
Epoch: 15, Training Loss: 0.17692396324127913, Accuracy: 0.948125
Epoch: 15, Validation Loss: 0.256318811327219, Accuracy: 0.8925
Epoch: 16, Training Loss: 0.15971920732408762, Accuracy: 0.9575
Epoch: 16, Validation Loss: 0.24743946641683578, Accuracy: 0.9025
Epoch: 17, Training Loss: 0.1441870634444058, Accuracy: 0.9625
Epoch: 17, Validation Loss: 0.23263383656740189, Accuracy: 0.905
Epoch: 18, Training Loss: 0.13028526213020086, Accuracy: 0.9725
Epoch: 18, Validation Loss: 0.22289712727069855, Accuracy: 0.905
Epoch: 19, Training Loss: 0.11607251316308975, Accuracy: 0.97625
Epoch: 19, Validation Loss: 0.21756870299577713, Accuracy: 0.91
Epoch: 20, Training Loss: 0.10342081123962998, Accuracy: 0.978125
Epoch: 20, Validation Loss: 0.20680046454071999, Accuracy: 0.9175
Epoch: 21, Training Loss: 0.09524177154526114, Accuracy: 0.9775
Epoch: 21, Validation Loss: 0.20364007726311684, Accuracy: 0.915
Epoch: 22, Training Loss: 0.08538678009063005, Accuracy: 0.981875
Epoch: 22, Validation Loss: 0.20566388219594955, Accuracy: 0.9125
Epoch: 23, Training Loss: 0.07796446629799902, Accuracy: 0.98625
Epoch: 23, Validation Loss: 0.2006046399474144, Accuracy: 0.9175
Epoch: 24, Training Loss: 0.07037950516678393, Accuracy: 0.99
Epoch: 24, Validation Loss: 0.20459101349115372, Accuracy: 0.9125
Epoch: 25, Training Loss: 0.06394299073144794, Accuracy: 0.990625
Epoch: 25, Validation Loss: 0.19586685672402382, Accuracy: 0.9175
Epoch: 26, Training Loss: 0.05857797781936824, Accuracy: 0.991875
Epoch: 26, Validation Loss: 0.19385024532675743, Accuracy: 0.9175
Epoch: 27, Training Loss: 0.0522167244926095, Accuracy: 0.995625
Epoch: 27, Validation Loss: 0.18991367891430855, Accuracy: 0.9225
Epoch: 28, Training Loss: 0.0492356886388734, Accuracy: 0.994375
Epoch: 28, Validation Loss: 0.19063834473490715, Accuracy: 0.9175
Epoch: 29, Training Loss: 0.04483194591011852, Accuracy: 0.996875
Epoch: 29, Validation Loss: 0.18383128568530083, Accuracy: 0.9275
