tensor([[10, 19, 15,  ..., 23,  8,  9],
        [11,  9,  9,  ..., 17, 22, 14]])
torch.Size([2, 1000])
Epoch: 0, Training Loss: 0.6854172497987747, Accuracy: 0.538125
Epoch: 0, Validation Loss: 0.6750465035438538, Accuracy: 0.59
Epoch: 1, Training Loss: 0.6689654588699341, Accuracy: 0.60375
Epoch: 1, Validation Loss: 0.6581856459379196, Accuracy: 0.6275
Epoch: 2, Training Loss: 0.6475513763725758, Accuracy: 0.651875
Epoch: 2, Validation Loss: 0.6342080980539322, Accuracy: 0.655
Epoch: 3, Training Loss: 0.6175443157553673, Accuracy: 0.688125
Epoch: 3, Validation Loss: 0.6026563048362732, Accuracy: 0.6975
Epoch: 4, Training Loss: 0.5789868272840977, Accuracy: 0.71375
Epoch: 4, Validation Loss: 0.563626155257225, Accuracy: 0.73
Epoch: 5, Training Loss: 0.5354454442858696, Accuracy: 0.743125
Epoch: 5, Validation Loss: 0.5244756489992142, Accuracy: 0.76
Epoch: 6, Training Loss: 0.4951895475387573, Accuracy: 0.77125
Epoch: 6, Validation Loss: 0.491614505648613, Accuracy: 0.7725
Epoch: 7, Training Loss: 0.45905918441712856, Accuracy: 0.79375
Epoch: 7, Validation Loss: 0.46612071245908737, Accuracy: 0.79
Epoch: 8, Training Loss: 0.42509767785668373, Accuracy: 0.825625
Epoch: 8, Validation Loss: 0.4427391365170479, Accuracy: 0.8
Epoch: 9, Training Loss: 0.3941924497485161, Accuracy: 0.85125
Epoch: 9, Validation Loss: 0.42662037909030914, Accuracy: 0.8125
Epoch: 10, Training Loss: 0.36762682907283306, Accuracy: 0.85375
Epoch: 10, Validation Loss: 0.40854451060295105, Accuracy: 0.8125
Epoch: 11, Training Loss: 0.3439515735954046, Accuracy: 0.8575
Epoch: 11, Validation Loss: 0.3912145718932152, Accuracy: 0.8275
Epoch: 12, Training Loss: 0.31913723051548004, Accuracy: 0.874375
Epoch: 12, Validation Loss: 0.3778907433152199, Accuracy: 0.8225
Epoch: 13, Training Loss: 0.30310826748609543, Accuracy: 0.881875
Epoch: 13, Validation Loss: 0.363239124417305, Accuracy: 0.845
Epoch: 14, Training Loss: 0.28135323245078325, Accuracy: 0.885
Epoch: 14, Validation Loss: 0.3505956009030342, Accuracy: 0.85
Epoch: 15, Training Loss: 0.2609030017629266, Accuracy: 0.9
Epoch: 15, Validation Loss: 0.3482576087117195, Accuracy: 0.85
Epoch: 16, Training Loss: 0.24435461591929197, Accuracy: 0.9075
Epoch: 16, Validation Loss: 0.3315110430121422, Accuracy: 0.85
Epoch: 17, Training Loss: 0.22721884958446026, Accuracy: 0.9125
Epoch: 17, Validation Loss: 0.31887975335121155, Accuracy: 0.865
Epoch: 18, Training Loss: 0.21703308448195457, Accuracy: 0.921875
Epoch: 18, Validation Loss: 0.3139263242483139, Accuracy: 0.8625
Epoch: 19, Training Loss: 0.19671947415918112, Accuracy: 0.93625
Epoch: 19, Validation Loss: 0.3393144980072975, Accuracy: 0.85
Epoch: 20, Training Loss: 0.18722163327038288, Accuracy: 0.930625
Epoch: 20, Validation Loss: 0.29924337565898895, Accuracy: 0.8675
Epoch: 21, Training Loss: 0.17462047655135393, Accuracy: 0.940625
Epoch: 21, Validation Loss: 0.2979074940085411, Accuracy: 0.8725
Epoch: 22, Training Loss: 0.16233533900231123, Accuracy: 0.951875
Epoch: 22, Validation Loss: 0.28716620430350304, Accuracy: 0.885
Epoch: 23, Training Loss: 0.15029538748785853, Accuracy: 0.956875
Epoch: 23, Validation Loss: 0.280723687261343, Accuracy: 0.8825
Epoch: 24, Training Loss: 0.14092482393607497, Accuracy: 0.955
Epoch: 24, Validation Loss: 0.2735889032483101, Accuracy: 0.89
Epoch: 25, Training Loss: 0.13255529198795557, Accuracy: 0.960625
Epoch: 25, Validation Loss: 0.2783782258629799, Accuracy: 0.8775
Epoch: 26, Training Loss: 0.1274895784445107, Accuracy: 0.964375
Epoch: 26, Validation Loss: 0.26282697916030884, Accuracy: 0.8825
Epoch: 27, Training Loss: 0.11695597413927317, Accuracy: 0.968125
Epoch: 27, Validation Loss: 0.2641910910606384, Accuracy: 0.8725
Epoch: 28, Training Loss: 0.11046677175909281, Accuracy: 0.97125
Epoch: 28, Validation Loss: 0.25843921303749084, Accuracy: 0.8875
Epoch: 29, Training Loss: 0.10148908477276564, Accuracy: 0.973125
Epoch: 29, Validation Loss: 0.2745637036859989, Accuracy: 0.89
