tensor([[10, 19, 12,  ..., 15, 13,  6],
        [18, 18, 20,  ..., 13, 15, 22]])
torch.Size([2, 1000])
Epoch: 0, Training Loss: 0.6789748147130013, Accuracy: 0.565625
Epoch: 0, Validation Loss: 0.6610030233860016, Accuracy: 0.6275
Epoch: 1, Training Loss: 0.652511615306139, Accuracy: 0.641875
Epoch: 1, Validation Loss: 0.6265526115894318, Accuracy: 0.67
Epoch: 2, Training Loss: 0.6148837544023991, Accuracy: 0.683125
Epoch: 2, Validation Loss: 0.5812030732631683, Accuracy: 0.71
Epoch: 3, Training Loss: 0.5732672363519669, Accuracy: 0.695
Epoch: 3, Validation Loss: 0.5382882207632065, Accuracy: 0.7475
Epoch: 4, Training Loss: 0.5350109450519085, Accuracy: 0.725
Epoch: 4, Validation Loss: 0.5039848983287811, Accuracy: 0.7725
Epoch: 5, Training Loss: 0.5013295095413923, Accuracy: 0.76625
Epoch: 5, Validation Loss: 0.476720929145813, Accuracy: 0.8025
Epoch: 6, Training Loss: 0.465354697778821, Accuracy: 0.798125
Epoch: 6, Validation Loss: 0.4524380564689636, Accuracy: 0.81
Epoch: 7, Training Loss: 0.43190833181142807, Accuracy: 0.81875
Epoch: 7, Validation Loss: 0.42868782579898834, Accuracy: 0.8275
Epoch: 8, Training Loss: 0.3963435888290405, Accuracy: 0.844375
Epoch: 8, Validation Loss: 0.4055503010749817, Accuracy: 0.8425
Epoch: 9, Training Loss: 0.3658149167895317, Accuracy: 0.855625
Epoch: 9, Validation Loss: 0.3886011689901352, Accuracy: 0.84
Epoch: 10, Training Loss: 0.331972923129797, Accuracy: 0.87125
Epoch: 10, Validation Loss: 0.3675587773323059, Accuracy: 0.8625
Epoch: 11, Training Loss: 0.30303804110735655, Accuracy: 0.888125
Epoch: 11, Validation Loss: 0.35440994799137115, Accuracy: 0.87
Epoch: 12, Training Loss: 0.27349808532744646, Accuracy: 0.906875
Epoch: 12, Validation Loss: 0.3383229151368141, Accuracy: 0.8775
Epoch: 13, Training Loss: 0.24759247712790966, Accuracy: 0.90875
Epoch: 13, Validation Loss: 0.316555380821228, Accuracy: 0.88
Epoch: 14, Training Loss: 0.22435949835926294, Accuracy: 0.92625
Epoch: 14, Validation Loss: 0.3028288558125496, Accuracy: 0.8825
Epoch: 15, Training Loss: 0.20027259271591902, Accuracy: 0.9375
Epoch: 15, Validation Loss: 0.29323090612888336, Accuracy: 0.8825
Epoch: 16, Training Loss: 0.18203559098765254, Accuracy: 0.941875
Epoch: 16, Validation Loss: 0.2900243476033211, Accuracy: 0.88
Epoch: 17, Training Loss: 0.16409633588045835, Accuracy: 0.9525
Epoch: 17, Validation Loss: 0.2639712654054165, Accuracy: 0.885
Epoch: 18, Training Loss: 0.14946975326165557, Accuracy: 0.955625
Epoch: 18, Validation Loss: 0.2627493515610695, Accuracy: 0.8925
Epoch: 19, Training Loss: 0.13358042994514108, Accuracy: 0.96125
Epoch: 19, Validation Loss: 0.2567695118486881, Accuracy: 0.8975
Epoch: 20, Training Loss: 0.12306023668497801, Accuracy: 0.968125
Epoch: 20, Validation Loss: 0.25129177048802376, Accuracy: 0.9
Epoch: 21, Training Loss: 0.11081900913268328, Accuracy: 0.9675
Epoch: 21, Validation Loss: 0.2373126819729805, Accuracy: 0.9075
Epoch: 22, Training Loss: 0.10111281415447593, Accuracy: 0.975625
Epoch: 22, Validation Loss: 0.2502260059118271, Accuracy: 0.9
Epoch: 23, Training Loss: 0.09176477114669979, Accuracy: 0.98
Epoch: 23, Validation Loss: 0.24522897228598595, Accuracy: 0.9
Epoch: 24, Training Loss: 0.08274904126301408, Accuracy: 0.98
Epoch: 24, Validation Loss: 0.25166865438222885, Accuracy: 0.8975
Epoch: 25, Training Loss: 0.07600995968095958, Accuracy: 0.98375
Epoch: 25, Validation Loss: 0.24131926149129868, Accuracy: 0.8975
Epoch: 26, Training Loss: 0.06993251387029886, Accuracy: 0.986875
Epoch: 26, Validation Loss: 0.239088773727417, Accuracy: 0.9025
Epoch: 27, Training Loss: 0.06278576073236763, Accuracy: 0.986875
Epoch: 27, Validation Loss: 0.2294517233967781, Accuracy: 0.9
Epoch: 28, Training Loss: 0.05653806170448661, Accuracy: 0.990625
Epoch: 28, Validation Loss: 0.2589704543352127, Accuracy: 0.8975
Epoch: 29, Training Loss: 0.052533225854858756, Accuracy: 0.990625
Epoch: 29, Validation Loss: 0.23252224177122116, Accuracy: 0.905
